---
source: src/utils/highlight.rs
expression: "highlight_text(&text, \"json\", None).unwrap()"
---
[38;2;192;197;206m{[38;2;192;197;206m
[38;2;192;197;206m  [38;2;192;197;206m"[38;2;163;190;140mbaz[38;2;192;197;206m"[38;2;192;197;206m:[38;2;192;197;206m [38;2;192;197;206m"[38;2;163;190;140mqux[38;2;192;197;206m"[38;2;192;197;206m,[38;2;192;197;206m
[38;2;192;197;206m  [38;2;192;197;206m"[38;2;163;190;140mfoo[38;2;192;197;206m"[38;2;192;197;206m:[38;2;192;197;206m [38;2;192;197;206m"[38;2;163;190;140mbar[38;2;192;197;206m"[38;2;192;197;206m
[38;2;192;197;206m}
